// Jest Snapshot v1, https://goo.gl/fbAQLP

exports[` 1`] = `
Array [
  "_id",
  "accountStatus",
  "emailAddress",
  "followersCount",
  "followingCount",
  "ratingsTotal",
  "reviewsCount",
  "sharedCount",
  "tokens",
  "username",
]
`;

exports[` 2`] = `
Array [
  "_id",
  "accountStatus",
  "emailAddress",
  "followersCount",
  "followingCount",
  "ratingsTotal",
  "reviewsCount",
  "sharedCount",
  "tokens",
  "username",
]
`;

exports[` 3`] = `
Array [
  "_id",
  "accountStatus",
  "emailAddress",
  "followersCount",
  "followingCount",
  "ratingsTotal",
  "reviewsCount",
  "sharedCount",
  "tokens",
  "username",
]
`;

exports[` 4`] = `
Array [
  "_id",
  "accountStatus",
  "emailAddress",
  "followersCount",
  "followingCount",
  "ratingsTotal",
  "reviewsCount",
  "sharedCount",
  "tokens",
  "username",
]
`;

exports[`## Schedule APIs # POST /api/schedule should schedule a listing very soon 1`] = `
Array [
  "data",
  "name",
  "nextRunAt",
  "priority",
  "type",
]
`;

exports[`## Schedule APIs # POST /api/schedule should schedule a listing very soon 2`] = `
Array [
  "_id",
  "categoryIds",
  "comments",
  "currency",
  "description",
  "dropId",
  "likes",
  "photoURIs",
  "price",
  "seller",
  "status",
  "tags",
  "typeIds",
  "uuid",
]
`;
